<html>
<body>
<p>
    Принимая во <s>внимание показатели успешности</s>, внедрение современных методик выявляет срочную потребность существующих финансовых и административных условий.
</p>
<p>
    Предварительные выводы неутешительны: начало <b><i><s>повседневной</s></i></b> работы по формированию позиции создаёт необходимость включения в производственный план целого ряда внеочередных мероприятий с учётом комплекса укрепления моральных ценностей.
    Ра<i>знообразный и <b>богатый опыт гово<s>рит нам, что новая модель орган</b>изационной деятельн</s>ости является качестве</i>нно новой ступенью форм воздействия.
</p>
<p>
    Lorem ipsum dolor sit amet, consectetur adipiscing elit, sed do
    eiusmod tempor incididunt ut labore et dolore magna aliqua.
    Ut enim ad minim veniam, quis nostrud exercitation ullamco laboris nisi ut aliquip ex ea commodo consequat.
</p>
<p>
    Duis aute irure dolor in reprehenderit in voluptate velit esse cillum dolore eu fugiat nulla pariatur.
</p>
<p>
    Excepteur sint occaecat cupidatat non proident, sunt in culpa qui officia deserunt mollit anim id est laborum.
</p>
</body>
</html>