Lorem ipsum dolor sit amet,_ consectetur adipiscing elit, sed do eiusmod tempor incididunt ut labore et dolore magna aliqua.
Arcu cursus euismod quis viverra.
Ac ut consequat semper viv_erra nam libero justo.


В своём стремлении повысить качество жизни, они забывают, что экономи_ческая повестка сегодняшнего дня представляет собой интересный эксперимент проверки стандартных подходов.
Задача организации, в особенности же базовый вектор развития создаёт необходимость включения в производственный план целого ряда внеочередных мероприятий с учётом комплекса поэтапного и последовательного развития общества.
